#-----------------------------------------------------------
# Vivado v2025.2 (64-bit)
# SW Build 6299465 on Fri Nov 14 12:34:56 MST 2025
# IP Build 6300035 on Fri Nov 14 10:48:45 MST 2025
# SharedData Build 6298862 on Thu Nov 13 04:50:51 MST 2025
# Start of session at: Thu May 14 15:44:59 2026
# Process ID         : 113374
# Current directory  : /home/pranavv/Desktop/Github_Projects/Dot_Matrix/dot_matrix/dot_matrix.runs/synth_1
# Command line       : vivado -log MainMethod.vds -product Vivado -mode batch -messageDb vivado.pb -notrace -source MainMethod.tcl
# Log file           : /home/pranavv/Desktop/Github_Projects/Dot_Matrix/dot_matrix/dot_matrix.runs/synth_1/MainMethod.vds
# Journal file       : /home/pranavv/Desktop/Github_Projects/Dot_Matrix/dot_matrix/dot_matrix.runs/synth_1/vivado.jou
# Running On         : PranavVinothPC
# Platform           : NobaraLinux
# Operating System   : Nobara Linux 43 (GNOME Edition)
# Processor Detail   : AMD Ryzen 7 5800X 8-Core Processor
# CPU Frequency      : 4778.281 MHz
# CPU Physical cores : 8
# CPU Logical cores  : 16
# Host memory        : 16697 MB
# Swap memory        : 26957 MB
# Total Virtual      : 43654 MB
# Available Virtual  : 31851 MB
#-----------------------------------------------------------
source MainMethod.tcl -notrace
