#-----------------------------------------------------------
# Vivado v2025.2 (64-bit)
# SW Build 6299465 on Fri Nov 14 12:34:56 MST 2025
# IP Build 6300035 on Fri Nov 14 10:48:45 MST 2025
# SharedData Build 6298862 on Thu Nov 13 04:50:51 MST 2025
# Start of session at: Thu May 14 13:33:53 2026
# Process ID         : 65749
# Current directory  : /home/pranavv/Desktop/Github_Projects/Dot_Matrix/dot_matrix/dot_matrix.runs/impl_1
# Command line       : vivado -log MainMethod.vdi -applog -product Vivado -messageDb vivado.pb -mode batch -source MainMethod.tcl -notrace
# Log file           : /home/pranavv/Desktop/Github_Projects/Dot_Matrix/dot_matrix/dot_matrix.runs/impl_1/MainMethod.vdi
# Journal file       : /home/pranavv/Desktop/Github_Projects/Dot_Matrix/dot_matrix/dot_matrix.runs/impl_1/vivado.jou
# Running On         : PranavVinothPC
# Platform           : NobaraLinux
# Operating System   : Nobara Linux 43 (GNOME Edition)
# Processor Detail   : AMD Ryzen 7 5800X 8-Core Processor
# CPU Frequency      : 3647.015 MHz
# CPU Physical cores : 8
# CPU Logical cores  : 16
# Host memory        : 16697 MB
# Swap memory        : 26957 MB
# Total Virtual      : 43654 MB
# Available Virtual  : 32951 MB
#-----------------------------------------------------------
source MainMethod.tcl -notrace
